<?xml version="1.0" encoding="utf-8"?><testsuites name="pytest tests"><testsuite name="pytest" errors="0" failures="0" skipped="0" tests="5" time="7.926" timestamp="2026-03-14T19:32:39.034234+05:30" hostname="LMAC-DGXLFJJ-AP"><testcase classname="tests.test_addtocart" name="test_add_product_to_cart[chromium]" time="2.488" /><testcase classname="tests.test_e2e" name="test_e2e_workflow[chromium]" time="1.547" /><testcase classname="tests.test_login" name="test_valid_login[chromium]" time="1.851" /><testcase classname="tests.test_login" name="test_invalid_login[chromium]" time="0.875" /><testcase classname="tests.test_test" name="test_start[chromium]" time="1.136" /></testsuite></testsuites>